[    0.000000] Linux version 4.15.0-212-generic (buildd@lcy02-amd64-083) (gcc version 7.5.0 (Ubuntu 7.5.0-3ubuntu1~18.04)) #223-Ubuntu SMP Tue May 23 13:09:22 UTC 2023 (Ubuntu 4.15.0-212.223-generic 4.15.18)
[    0.000000] Command line: BOOT_IMAGE=/boot/vmlinuz-4.15.0-212-generic root=LABEL=cloudimg-rootfs ro console=tty1 console=ttyS0
[    0.000000] KERNEL supported cpus:
[    0.000000]   Intel GenuineIntel
[    0.000000]   AMD AuthenticAMD
[    0.000000]   Centaur CentaurHauls
[    0.000000] x86/fpu: Supporting XSAVE feature 0x001: 'x87 floating point registers'
[    0.000000] x86/fpu: Supporting XSAVE feature 0x002: 'SSE registers'
[    0.000000] x86/fpu: Supporting XSAVE feature 0x004: 'AVX registers'
[    0.000000] x86/fpu: xstate_offset[2]:  576, xstate_sizes[2]:  256
[    0.000000] x86/fpu: Enabled xstate features 0x7, context size is 832 bytes, using 'standard' format.
[    0.000000] e820: BIOS-provided physical RAM map:
[    0.000000] BIOS-e820: [mem 0x0000000000000000-0x000000000009fbff] usable
[    0.000000] BIOS-e820: [mem 0x000000000009fc00-0x000000000009ffff] reserved
[    0.000000] BIOS-e820: [mem 0x00000000000f0000-0x00000000000fffff] reserved
[    0.000000] BIOS-e820: [mem 0x0000000000100000-0x00000000dffeffff] usable
[    0.000000] BIOS-e820: [mem 0x00000000dfff0000-0x00000000dfffffff] ACPI data
[    0.000000] BIOS-e820: [mem 0x00000000fec00000-0x00000000fec00fff] reserved
[    0.000000] BIOS-e820: [mem 0x00000000fee00000-0x00000000fee00fff] reserved
[    0.000000] BIOS-e820: [mem 0x00000000fffc0000-0x00000000ffffffff] reserved
[    0.000000] BIOS-e820: [mem 0x0000000100000000-0x000000011fffffff] usable
[    0.000000] NX (Execute Disable) protection: active
[    0.000000] SMBIOS 2.5 present.
[    0.000000] DMI: innotek GmbH VirtualBox/VirtualBox, BIOS VirtualBox 12/01/2006
[    0.000000] Hypervisor detected: KVM
[    0.000000] e820: last_pfn = 0x120000 max_arch_pfn = 0x400000000
[    0.000000] MTRR: Disabled
[    0.000000] x86/PAT: MTRRs disabled, skipping PAT initialization too.
[    0.000000] CPU MTRRs all blank - virtualized system.
[    0.000000] x86/PAT: Configuration [0-7]: WB  WT  UC- UC  WB  WT  UC- UC  
[    0.000000] e820: last_pfn = 0xdfff0 max_arch_pfn = 0x400000000
[    0.000000] found SMP MP-table at [mem 0x0009fff0-0x0009ffff]
[    0.000000] Scanning 1 areas for low memory corruption
[    0.000000] RAMDISK: [mem 0x359cb000-0x36cdcfff]
[    0.000000] ACPI: Early table checksum verification disabled
[    0.000000] ACPI: RSDP 0x00000000000E0000 000024 (v02 VBOX  )
[    0.000000] ACPI: XSDT 0x00000000DFFF0030 00003C (v01 VBOX   VBOXXSDT 00000001 ASL  00000061)
[    0.000000] ACPI: FACP 0x00000000DFFF00F0 0000F4 (v04 VBOX   VBOXFACP 00000001 ASL  00000061)
[    0.000000] ACPI: DSDT 0x00000000DFFF0610 002353 (v02 VBOX   VBOXBIOS 00000002 INTL 20210930)
[    0.000000] ACPI: FACS 0x00000000DFFF0200 000040
[    0.000000] ACPI: FACS 0x00000000DFFF0200 000040
[    0.000000] ACPI: APIC 0x00000000DFFF0240 00005C (v02 VBOX   VBOXAPIC 00000001 ASL  00000061)
[    0.000000] ACPI: SSDT 0x00000000DFFF02A0 00036C (v01 VBOX   VBOXCPUT 00000002 INTL 20210930)
[    0.000000] ACPI: Reserving FACP table memory at [mem 0xdfff00f0-0xdfff01e3]
[    0.000000] ACPI: Reserving DSDT table memory at [mem 0xdfff0610-0xdfff2962]
[    0.000000] ACPI: Reserving FACS table memory at [mem 0xdfff0200-0xdfff023f]
[    0.000000] ACPI: Reserving FACS table memory at [mem 0xdfff0200-0xdfff023f]
[    0.000000] ACPI: Reserving APIC table memory at [mem 0xdfff0240-0xdfff029b]
[    0.000000] ACPI: Reserving SSDT table memory at [mem 0xdfff02a0-0xdfff060b]
[    0.000000] No NUMA configuration found
[    0.000000] Faking a node at [mem 0x0000000000000000-0x000000011fffffff]
[    0.000000] NODE_DATA(0) allocated [mem 0x11ffd1000-0x11fffbfff]
[    0.000000] kvm-clock: cpu 0, msr 1:1ff50001, primary cpu clock
[    0.000000] kvm-clock: Using msrs 4b564d01 and 4b564d00
[    0.000000] kvm-clock: using sched offset of 3107865979 cycles
[    0.000000] clocksource: kvm-clock: mask: 0xffffffffffffffff max_cycles: 0x1cd42e4dffb, max_idle_ns: 881590591483 ns
[    0.000000] Zone ranges:
[    0.000000]   DMA      [mem 0x0000000000001000-0x0000000000ffffff]
[    0.000000]   DMA32    [mem 0x0000000001000000-0x00000000ffffffff]
[    0.000000]   Normal   [mem 0x0000000100000000-0x000000011fffffff]
[    0.000000]   Device   empty
[    0.000000] Movable zone start for each node
[    0.000000] Early memory node ranges
[    0.000000]   node   0: [mem 0x0000000000001000-0x000000000009efff]
[    0.000000]   node   0: [mem 0x0000000000100000-0x00000000dffeffff]
[    0.000000]   node   0: [mem 0x0000000100000000-0x000000011fffffff]
[    0.000000] Reserved but unavailable: 104 pages
[    0.000000] Initmem setup node 0 [mem 0x0000000000001000-0x000000011fffffff]
[    0.000000] ACPI: PM-Timer IO Port: 0x4008
[    0.000000] IOAPIC[0]: apic_id 2, version 32, address 0xfec00000, GSI 0-23
[    0.000000] ACPI: INT_SRC_OVR (bus 0 bus_irq 0 global_irq 2 dfl dfl)
[    0.000000] ACPI: INT_SRC_OVR (bus 0 bus_irq 9 global_irq 9 low level)
[    0.000000] Using ACPI (MADT) for SMP configuration information
[    0.000000] smpboot: Allowing 2 CPUs, 0 hotplug CPUs
[    0.000000] PM: Registered nosave memory: [mem 0x00000000-0x00000fff]
[    0.000000] PM: Registered nosave memory: [mem 0x0009f000-0x0009ffff]
[    0.000000] PM: Registered nosave memory: [mem 0x000a0000-0x000effff]
[    0.000000] PM: Registered nosave memory: [mem 0x000f0000-0x000fffff]
[    0.000000] PM: Registered nosave memory: [mem 0xdfff0000-0xdfffffff]
[    0.000000] PM: Registered nosave memory: [mem 0xe0000000-0xfebfffff]
[    0.000000] PM: Registered nosave memory: [mem 0xfec00000-0xfec00fff]
[    0.000000] PM: Registered nosave memory: [mem 0xfec01000-0xfedfffff]
[    0.000000] PM: Registered nosave memory: [mem 0xfee00000-0xfee00fff]
[    0.000000] PM: Registered nosave memory: [mem 0xfee01000-0xfffbffff]
[    0.000000] PM: Registered nosave memory: [mem 0xfffc0000-0xffffffff]
[    0.000000] e820: [mem 0xe0000000-0xfebfffff] available for PCI devices
[    0.000000] Booting paravirtualized kernel on KVM
[    0.000000] clocksource: refined-jiffies: mask: 0xffffffff max_cycles: 0xffffffff, max_idle_ns: 7645519600211568 ns
[    0.000000] setup_percpu: NR_CPUS:8192 nr_cpumask_bits:2 nr_cpu_ids:2 nr_node_ids:1
[    0.000000] percpu: Embedded 50 pages/cpu s167936 r8192 d28672 u1048576
[    0.000000] PV qspinlock hash table entries: 256 (order: 0, 4096 bytes)
[    0.000000] Built 1 zonelists, mobility grouping on.  Total pages: 1032057
[    0.000000] Policy zone: Normal
[    0.000000] Kernel command line: BOOT_IMAGE=/boot/vmlinuz-4.15.0-212-generic root=LABEL=cloudimg-rootfs ro console=tty1 console=ttyS0
[    0.000000] Memory: 4013252K/4193848K available (12300K kernel code, 2477K rwdata, 4324K rodata, 2480K init, 2720K bss, 180596K reserved, 0K cma-reserved)
[    0.000000] SLUB: HWalign=64, Order=0-3, MinObjects=0, CPUs=2, Nodes=1
[    0.000000] Kernel/User page tables isolation: enabled
[    0.000000] ftrace: allocating 39508 entries in 155 pages
[    0.004000] Hierarchical RCU implementation.
[    0.004000] 	RCU restricting CPUs from NR_CPUS=8192 to nr_cpu_ids=2.
[    0.004000] 	Tasks RCU enabled.
[    0.004000] RCU: Adjusting geometry for rcu_fanout_leaf=16, nr_cpu_ids=2
[    0.004000] NR_IRQS: 524544, nr_irqs: 440, preallocated irqs: 16
[    0.004000] random: crng init done
[    0.004000] Console: colour VGA+ 80x25
[    0.004000] console [tty1] enabled
[    0.004000] console [ttyS0] enabled
[    0.004000] ACPI: Core revision 20170831
[    0.004000] ACPI: 2 ACPI AML tables successfully acquired and loaded
[    0.004000] APIC: Switch to symmetric I/O mode setup
[    0.004000] x2apic enabled
[    0.004018] Switched APIC routing to physical x2apic.
[    0.012000] ..TIMER: vector=0x30 apic1=0 pin1=2 apic2=-1 pin2=-1
[    0.012002] tsc: Detected 2309.292 MHz processor
[    0.014573] Calibrating delay loop (skipped) preset value.. 4618.58 BogoMIPS (lpj=9237168)
[    0.016002] pid_max: default: 32768 minimum: 301
[    0.020030] Security Framework initialized
[    0.024002] Yama: becoming mindful.
[    0.026054] AppArmor: AppArmor initialized
[    0.031157] Dentry cache hash table entries: 524288 (order: 10, 4194304 bytes)
[    0.033575] Inode-cache hash table entries: 262144 (order: 9, 2097152 bytes)
[    0.036058] Mount-cache hash table entries: 8192 (order: 4, 65536 bytes)
[    0.040056] Mountpoint-cache hash table entries: 8192 (order: 4, 65536 bytes)
[    0.045140] Last level iTLB entries: 4KB 64, 2MB 8, 4MB 8
[    0.048002] Last level dTLB entries: 4KB 64, 2MB 0, 4MB 0, 1GB 4
[    0.052016] Spectre V1 : Mitigation: usercopy/swapgs barriers and __user pointer sanitization
[    0.056002] Spectre V2 : Mitigation: Retpolines
[    0.058494] Spectre V2 : Spectre v2 / SpectreRSB mitigation: Filling RSB on context switch
[    0.064002] Spectre V2 : Spectre v2 / SpectreRSB : Filling RSB on VMEXIT
[    0.067494] RETBleed: WARNING: Spectre v2 mitigation leaves CPU vulnerable to RETBleed attacks, data leaks possible!
[    0.068002] RETBleed: Vulnerable
[    0.069815] Speculative Store Bypass: Vulnerable
[    0.072093] MDS: Mitigation: Clear CPU buffers
[    0.074496] MMIO Stale Data: Mitigation: Clear CPU buffers
[    0.076015] SRBDS: Unknown: Dependent on hypervisor status
[    0.080152] Freeing SMP alternatives memory: 36K
[    0.196000] smpboot: CPU0: Intel(R) Core(TM) i9-9880H CPU @ 2.30GHz (family: 0x6, model: 0x9e, stepping: 0xd)
[    0.196153] Performance Events: unsupported p6 CPU model 158 no PMU driver, software events only.
[    0.200056] Hierarchical SRCU implementation.
[    0.204498] NMI watchdog: Perf event create on CPU 0 failed with -2
[    0.208002] NMI watchdog: Perf NMI watchdog permanently disabled
[    0.212090] smp: Bringing up secondary CPUs ...
[    0.214960] x86: Booting SMP configuration:
[    0.216003] .... node  #0, CPUs:      #1
[    0.004000] kvm-clock: cpu 1, msr 1:1ff50041, secondary cpu clock
[    0.224146] smp: Brought up 1 node, 2 CPUs
[    0.226595] smpboot: Max logical packages: 1
[    0.228004] smpboot: Total of 2 processors activated (9237.16 BogoMIPS)
[    0.232209] devtmpfs: initialized
[    0.234232] x86/mm: Memory block size: 128MB
[    0.236388] evm: security.selinux
[    0.238377] evm: security.SMACK64
[    0.240003] evm: security.SMACK64EXEC
[    0.242173] evm: security.SMACK64TRANSMUTE
[    0.244003] evm: security.SMACK64MMAP
[    0.246228] evm: security.apparmor
[    0.248002] evm: security.ima
[    0.249827] evm: security.capability
[    0.252350] clocksource: jiffies: mask: 0xffffffff max_cycles: 0xffffffff, max_idle_ns: 7645041785100000 ns
[    0.256030] futex hash table entries: 512 (order: 3, 32768 bytes)
[    0.260057] pinctrl core: initialized pinctrl subsystem
[    0.264171] RTC time: 18:29:05, date: 11/12/24
[    0.266957] NET: Registered protocol family 16
[    0.268063] audit: initializing netlink subsys (disabled)
[    0.272074] audit: type=2000 audit(1731436149.966:1): state=initialized audit_enabled=0 res=1
[    0.276005] cpuidle: using governor ladder
[    0.278822] cpuidle: using governor menu
[    0.280039] ACPI: bus type PCI registered
[    0.282362] acpiphp: ACPI Hot Plug PCI Controller Driver version: 0.5
[    0.284264] PCI: Using configuration type 1 for base access
[    0.292166] HugeTLB registered 2.00 MiB page size, pre-allocated 0 pages
[    0.296225] ACPI: Added _OSI(Module Device)
[    0.300025] ACPI: Added _OSI(Processor Device)
[    0.302585] ACPI: Added _OSI(3.0 _SCP Extensions)
[    0.304008] ACPI: Added _OSI(Processor Aggregator Device)
[    0.308003] ACPI: Added _OSI(Linux-Dell-Video)
[    0.310532] ACPI: Added _OSI(Linux-Lenovo-NV-HDMI-Audio)
[    0.312003] ACPI: Added _OSI(Linux-HPI-Hybrid-Graphics)
[    0.316557] ACPI: Executed 1 blocks of module-level executable AML code
[    0.324510] ACPI: Interpreter enabled
[    0.326694] ACPI: (supports S0 S5)
[    0.328003] ACPI: Using IOAPIC for interrupt routing
[    0.332349] PCI: Using host bridge windows from ACPI; if necessary, use "pci=nocrs" and report a bug
[    0.336000] ACPI: Enabled 2 GPEs in block 00 to 07
[    0.346997] ACPI: PCI Root Bridge [PCI0] (domain 0000 [bus 00-ff])
[    0.348007] acpi PNP0A03:00: _OSC: OS supports [ASPM ClockPM Segments MSI]
[    0.352675] acpi PNP0A03:00: _OSC: not requesting OS control; OS requires [ExtendedConfig ASPM ClockPM MSI]
[    0.356010] acpi PNP0A03:00: fail to add MMCONFIG information, can't access extended PCI configuration space under this bridge.
[    0.360594] PCI host bridge to bus 0000:00
[    0.364004] pci_bus 0000:00: root bus resource [io  0x0000-0x0cf7 window]
[    0.368003] pci_bus 0000:00: root bus resource [io  0x0d00-0xffff window]
[    0.372003] pci_bus 0000:00: root bus resource [mem 0x000a0000-0x000bffff window]
[    0.376003] pci_bus 0000:00: root bus resource [mem 0xe0000000-0xfdffffff window]
[    0.380004] pci_bus 0000:00: root bus resource [bus 00-ff]
[    0.389160] pci 0000:00:01.1: legacy IDE quirk: reg 0x10: [io  0x01f0-0x01f7]
[    0.392003] pci 0000:00:01.1: legacy IDE quirk: reg 0x14: [io  0x03f6]
[    0.396003] pci 0000:00:01.1: legacy IDE quirk: reg 0x18: [io  0x0170-0x0177]
[    0.400003] pci 0000:00:01.1: legacy IDE quirk: reg 0x1c: [io  0x0376]
[    0.485232] pci 0000:00:07.0: quirk: [io  0x4000-0x403f] claimed by PIIX4 ACPI
[    0.488030] pci 0000:00:07.0: quirk: [io  0x4100-0x410f] claimed by PIIX4 SMB
[    0.515331] ACPI: PCI Interrupt Link [LNKA] (IRQs 5 9 10 *11)
[    0.516472] ACPI: PCI Interrupt Link [LNKB] (IRQs 5 9 *10 11)
[    0.520176] ACPI: PCI Interrupt Link [LNKC] (IRQs 5 *9 10 11)
[    0.524176] ACPI: PCI Interrupt Link [LNKD] (IRQs 5 9 10 *11)
[    0.528354] SCSI subsystem initialized
[    0.530617] pci 0000:00:02.0: vgaarb: setting as boot VGA device
[    0.531551] pci 0000:00:02.0: vgaarb: VGA device added: decodes=io+mem,owns=io+mem,locks=none
[    0.532004] pci 0000:00:02.0: vgaarb: bridge control possible
[    0.536002] vgaarb: loaded
[    0.537739] ACPI: bus type USB registered
[    0.540021] usbcore: registered new interface driver usbfs
[    0.544010] usbcore: registered new interface driver hub
[    0.548009] usbcore: registered new device driver usb
[    0.550953] EDAC MC: Ver: 3.0.0
[    0.552596] PCI: Using ACPI for IRQ routing
[    0.556598] NetLabel: Initializing
[    0.558658] NetLabel:  domain hash size = 128
[    0.560002] NetLabel:  protocols = UNLABELED CIPSOv4 CALIPSO
[    0.564040] NetLabel:  unlabeled traffic allowed by default
[    0.568111] clocksource: Switched to clocksource kvm-clock
[    0.586807] VFS: Disk quotas dquot_6.6.0
[    0.590130] VFS: Dquot-cache hash table entries: 512 (order 0, 4096 bytes)
[    0.593973] AppArmor: AppArmor Filesystem Enabled
[    0.596684] pnp: PnP ACPI init
[    0.600194] pnp: PnP ACPI: found 3 devices
[    0.617981] clocksource: acpi_pm: mask: 0xffffff max_cycles: 0xffffff, max_idle_ns: 2085701024 ns
[    0.622787] NET: Registered protocol family 2
[    0.625700] IP idents hash table entries: 65536 (order: 7, 524288 bytes)
[    0.630434] TCP established hash table entries: 32768 (order: 6, 262144 bytes)
[    0.634649] TCP bind hash table entries: 32768 (order: 7, 524288 bytes)
[    0.638659] TCP: Hash tables configured (established 32768 bind 32768)
[    0.642398] UDP hash table entries: 2048 (order: 4, 65536 bytes)
[    0.645821] UDP-Lite hash table entries: 2048 (order: 4, 65536 bytes)
[    0.649474] NET: Registered protocol family 1
[    0.652037] pci 0000:00:00.0: Limiting direct PCI/PCI transfers
[    0.655369] pci 0000:00:01.0: Activating ISA DMA hang workarounds
[    0.658908] pci 0000:00:02.0: Video device with shadowed ROM at [mem 0x000c0000-0x000dffff]
[    0.663660] Unpacking initramfs...
[    0.956877] Freeing initrd memory: 19528K
[    0.959897] PCI-DMA: Using software bounce buffering for IO (SWIOTLB)
[    0.963489] software IO TLB: mapped [mem 0xdbff0000-0xdfff0000] (64MB)
[    0.967217] clocksource: tsc: mask: 0xffffffffffffffff max_cycles: 0x21497ec9e13, max_idle_ns: 440795203354 ns
[    0.972666] platform rtc_cmos: registered platform RTC device (no PNP device found)
[    0.976904] Scanning for low memory corruption every 60 seconds
[    0.981467] Initialise system trusted keyrings
[    0.984087] Key type blacklist registered
[    0.986742] workingset: timestamp_bits=36 max_order=20 bucket_order=0
[    0.991752] zbud: loaded
[    0.994187] squashfs: version 4.0 (2009/01/31) Phillip Lougher
[    0.998543] fuse init (API version 7.26)
[    1.009718] Key type asymmetric registered
[    1.012082] Asymmetric key parser 'x509' registered
[    1.014958] Block layer SCSI generic (bsg) driver version 0.4 loaded (major 246)
[    1.019184] io scheduler noop registered
[    1.021562] io scheduler deadline registered
[    1.024040] io scheduler cfq registered (default)
[    1.027328] ACPI: AC Adapter [AC] (on-line)
[    1.030544] input: Power Button as /devices/LNXSYSTM:00/LNXPWRBN:00/input/input0
[    1.034687] ACPI: Power Button [PWRF]
[    1.037064] input: Sleep Button as /devices/LNXSYSTM:00/LNXSLPBN:00/input/input1
[    1.041613] ACPI: Sleep Button [SLPF]
[    1.046121] ACPI: Battery Slot [BAT0] (battery present)
[    1.049758] Serial: 8250/16550 driver, 32 ports, IRQ sharing enabled
[    1.079664] 00:02: ttyS0 at I/O 0x3f8 (irq = 4, base_baud = 115200) is a 16550A
[    1.089300] Linux agpgart interface v0.103
[    1.094707] loop: module loaded
[    1.098355] scsi host0: ata_piix
[    1.101237] scsi host1: ata_piix
[    1.103248] ata1: PATA max UDMA/33 cmd 0x1f0 ctl 0x3f6 bmdma 0xd000 irq 14
[    1.107062] ata2: PATA max UDMA/33 cmd 0x170 ctl 0x376 bmdma 0xd008 irq 15
[    1.110961] tun: Universal TUN/TAP device driver, 1.6
[    1.114212] PPP generic driver version 2.4.2
[    1.116989] ehci_hcd: USB 2.0 'Enhanced' Host Controller (EHCI) Driver
[    1.120677] ehci-pci: EHCI PCI platform driver
[    1.123270] ehci-platform: EHCI generic platform driver
[    1.126317] ohci_hcd: USB 1.1 'Open' Host Controller (OHCI) Driver
[    1.130454] ohci-pci: OHCI PCI platform driver
[    1.133132] ohci-platform: OHCI generic platform driver
[    1.156579] uhci_hcd: USB Universal Host Controller Interface driver
[    1.160285] i8042: PNP: PS/2 Controller [PNP0303:PS2K,PNP0f03:PS2M] at 0x60,0x64 irq 1,12
[    1.166765] serio: i8042 KBD port at 0x60,0x64 irq 1
[    1.170391] serio: i8042 AUX port at 0x60,0x64 irq 12
[    1.174028] mousedev: PS/2 mouse device common for all mice
[    1.179455] input: AT Translated Set 2 keyboard as /devices/platform/i8042/serio0/input/input2
[    1.184159] rtc_cmos rtc_cmos: rtc core: registered rtc_cmos as rtc0
[    1.184513] rtc_cmos rtc_cmos: alarms up to one day, 114 bytes nvram
[    1.192462] i2c /dev entries driver
[    1.194838] device-mapper: uevent: version 1.0.3
[    1.196376] device-mapper: ioctl: 4.37.0-ioctl (2017-09-20) initialised: dm-devel@redhat.com
[    1.203077] ledtrig-cpu: registered to indicate activity on CPUs
[    1.208537] NET: Registered protocol family 10
[    1.217114] Segment Routing with IPv6
[    1.223959] NET: Registered protocol family 17
[    1.226812] Key type dns_resolver registered
[    1.230695] mce: Using 0 MCE banks
[    1.232830] RAS: Correctable Errors collector initialized.
[    1.234475] sched_clock: Marking stable (1230475806, 0)->(1800680496, -570204690)
[    1.241595] registered taskstats version 1
[    1.244058] Loading compiled-in X.509 certificates
[    1.250211] Loaded X.509 cert 'Build time autogenerated kernel key: b5b26778eaa3ab3a4a6cee031137706e947d12ad'
[    1.255907] Loaded X.509 cert 'Canonical Ltd. Live Patch Signing: 14df34d1a87cf37625abec039ef2bf521249b969'
[    1.261609] Loaded X.509 cert 'Canonical Ltd. Kernel Module Signing: 88f752e560a1e0737e31163a466ad7b70a850c19'
[    1.266924] blacklist: Loading compiled-in revocation X.509 certificates
[    1.280422] Loaded X.509 cert 'Canonical Ltd. Secure Boot Signing: 61482aa2830d0ab2ad5af10b7250da9033ddcef0'
[    1.286114] Loaded X.509 cert 'Canonical Ltd. Secure Boot Signing (2017): 242ade75ac4a15e50d50c84b0d45ff3eae707a03'
[    1.292221] Loaded X.509 cert 'Canonical Ltd. Secure Boot Signing (ESM 2018): 365188c1d374d6b07c3c8f240f8ef722433d6a8b'
[    1.317867] Loaded X.509 cert 'Canonical Ltd. Secure Boot Signing (2019): c0746fd6c5da3ae827864651ad66ae47fe24b3e8'
[    1.324080] Loaded X.509 cert 'Canonical Ltd. Secure Boot Signing (2021 v1): a8d54bbb3825cfb94fa13c9f8a594a195c107b8d'
[    1.329661] Loaded X.509 cert 'Canonical Ltd. Secure Boot Signing (2021 v2): 4cf046892d6fd3c9a5b03f98d845f90851dc6a8c'
[    1.335244] Loaded X.509 cert 'Canonical Ltd. Secure Boot Signing (2021 v3): 100437bb6de6e469b581e61cd66bce3ef4ed53af'
[    1.340846] Loaded X.509 cert 'Canonical Ltd. Secure Boot Signing (Ubuntu Core 2019): c1d57b8f6b743f23ee41f4f7ee292f06eecadfb9'
[    1.346761] zswap: loaded using pool lzo/zbud
[    1.354481] Key type big_key registered
[    1.356769] Key type trusted registered
[    1.361684] Key type encrypted registered
[    1.364035] AppArmor: AppArmor sha1 policy hashing enabled
[    1.367040] ima: No TPM chip found, activating TPM-bypass! (rc=-19)
[    1.370485] ima: Allocated hash algorithm: sha1
[    1.373051] evm: HMAC attrs: 0x1
[    1.375602]   Magic number: 0:768:493
[    1.378139] rtc_cmos rtc_cmos: setting system clock to 2024-11-12 18:29:07 UTC (1731436147)
[    1.382995] BIOS EDD facility v0.16 2004-Jun-25, 0 devices found
[    1.386770] EDD information not available.
[    1.391937] Freeing unused kernel image memory: 2480K
[    1.416721] Write protecting the kernel read-only data: 20480k
[    1.423373] Freeing unused kernel image memory: 2008K
[    1.427408] Freeing unused kernel image memory: 1820K
[    1.438237] x86/mm: Checked W+X mappings: passed, no W+X pages found.
[    1.442713] x86/mm: Checking user space page tables
[    1.453011] x86/mm: Checked W+X mappings: passed, no W+X pages found.
Loading, please wait...
starting version 237
[    1.528889] e1000: Intel(R) PRO/1000 Network Driver - version 7.3.21-k8-NAPI
[    1.532705] e1000: Copyright (c) 1999-2006 Intel Corporation.
[    1.547200] Fusion MPT base driver 3.04.20
[    1.549810] Copyright (c) 1999-2008 LSI Corporation
[    1.557574] Fusion MPT SPI Host driver 3.04.20
[    1.585806] AVX2 version of gcm_enc/dec engaged.
[    1.588517] AES CTR mode by8 optimization enabled
[    1.769209] input: ImExPS/2 Generic Explorer Mouse as /devices/platform/i8042/serio1/input/input4
[    2.020562] e1000 0000:00:03.0 eth0: (PCI:33MHz:32-bit) 02:3b:7b:b7:3b:2d
[    2.024786] e1000 0000:00:03.0 eth0: Intel(R) PRO/1000 Network Connection
[    2.030421] mptbase: ioc0: Initiating bringup
[    2.143010] ioc0: LSI53C1030 A0: Capabilities={Initiator}
[    2.396049] scsi host2: ioc0: LSI53C1030 A0, FwRev=00000000h, Ports=1, MaxQ=256, IRQ=20
[    2.571226] scsi 2:0:0:0: Direct-Access     VBOX     HARDDISK         1.0  PQ: 0 ANSI: 5
[    2.627370] scsi target2:0:0: Beginning Domain Validation
[    2.633601] scsi target2:0:0: Domain Validation skipping write tests
[    2.637665] scsi target2:0:0: Ending Domain Validation
[    2.641239] scsi target2:0:0: asynchronous
[    2.644841] scsi 2:0:1:0: Direct-Access     VBOX     HARDDISK         1.0  PQ: 0 ANSI: 5
[    2.976234] scsi target2:0:1: Beginning Domain Validation
[    2.981718] scsi target2:0:1: Domain Validation skipping write tests
[    2.985425] scsi target2:0:1: Ending Domain Validation
[    2.988541] scsi target2:0:1: asynchronous
[    2.997759] sd 2:0:0:0: Attached scsi generic sg0 type 0
[    3.001021] sd 2:0:0:0: [sda] 83886080 512-byte logical blocks: (42.9 GB/40.0 GiB)
[    3.001535] sd 2:0:1:0: Attached scsi generic sg1 type 0
[    3.011504] sd 2:0:0:0: [sda] Write Protect is off
[    3.029133] sd 2:0:0:0: [sda] Incomplete mode parameter data
[    3.032540] sd 2:0:0:0: [sda] Assuming drive cache: write through
[    3.032772] e1000 0000:00:08.0 eth1: (PCI:33MHz:32-bit) 08:00:27:f3:e2:4e
[    3.036276] sd 2:0:1:0: [sdb] 20480 512-byte logical blocks: (10.5 MB/10.0 MiB)
[    3.039869] e1000 0000:00:08.0 eth1: Intel(R) PRO/1000 Network Connection
[    3.044784] sd 2:0:1:0: [sdb] Write Protect is off
[    3.052419] sd 2:0:1:0: [sdb] Incomplete mode parameter data
[    3.056335] sd 2:0:1:0: [sdb] Assuming drive cache: write through
[    3.061018]  sda: sda1
[    3.064581] sd 2:0:1:0: [sdb] Attached SCSI disk
[    3.067376] sd 2:0:0:0: [sda] Attached SCSI disk
[    3.073094] e1000 0000:00:08.0 enp0s8: renamed from eth1
[    3.088376] e1000 0000:00:03.0 enp0s3: renamed from eth0
Begin: Loading essential drivers ... [    5.143284] raid6: sse2x1   gen() 22913 MB/s
[    5.780811] raid6: sse2x1   xor() 118396 MB/s
[    6.011489] raid6: sse2x2   gen() 81495 MB/s
[    7.004612] raid6: sse2x2   xor() 260132 MB/s
[    7.508306] raid6: sse2x4   gen() 84775 MB/s
[    7.970546] raid6: sse2x4   xor() 48459 MB/s
[    8.392503] raid6: avx2x1   gen() 206242 MB/s
[    9.527100] raid6: avx2x1   xor() 147792 MB/s
[   10.116456] raid6: avx2x2   gen() 315621 MB/s
[   10.555702] raid6: avx2x2   xor() 221228 MB/s
[   10.611567] raid6: avx2x4   gen() 36546 MB/s
[   10.831162] raid6: avx2x4   xor() 101129 MB/s
[   10.834898] raid6: using algorithm avx2x2 gen() 315621 MB/s
[   10.838115] raid6: .... xor() 221228 MB/s, rmw enabled
[   10.841111] raid6: using avx2x2 recovery algorithm
[   10.844864] xor: automatically using best checksumming function   avx       
[   10.850307] async_tx: api initialized (async)
done.
Begin: Running /scripts/init-premount ... done.
Begin: Mounting root file system ... Begin: Running /scripts/local-top ... done.
Begin: Running /scripts/local-premount ... [   10.896669] Btrfs loaded, crc32c=crc32c-intel
Scanning for Btrfs filesystems
done.
Warning: fsck not present, so skipping root file system
[   10.925988] EXT4-fs (sda1): mounted filesystem with ordered data mode. Opts: (null)
done.
Begin: Running /scripts/local-bottom ... done.
Begin: Running /scripts/init-bottom ... done.
[   11.069529] ip_tables: (C) 2000-2006 Netfilter Core Team
[   11.080841] systemd[1]: systemd 237 running in system mode. (+PAM +AUDIT +SELINUX +IMA +APPARMOR +SMACK +SYSVINIT +UTMP +LIBCRYPTSETUP +GCRYPT +GNUTLS +ACL +XZ +LZ4 +SECCOMP +BLKID +ELFUTILS +KMOD -IDN2 +IDN -PCRE2 default-hierarchy=hybrid)
[   11.091672] systemd[1]: Detected virtualization oracle.
[   11.094715] systemd[1]: Detected architecture x86-64.

Welcome to [1mUbuntu 18.04.6 LTS[0m!

[   11.107935] systemd[1]: Set hostname to <ubuntu>.
[   11.112866] systemd[1]: Initializing machine ID from random generator.
[   11.116518] systemd[1]: Installed transient /etc/machine-id file.
[   11.303429] systemd[1]: Reached target System Time Synchronized.
[[0;32m  OK  [0m] Reached target System Time Synchronized.
[   11.309545] systemd[1]: Reached target Mounting snaps.
[[0;32m  OK  [0m] Reached target Mounting snaps.
[   11.314938] systemd[1]: Started Forward Password Requests to Wall Directory Watch.
[[0;32m  OK  [0m] Started Forward Password Requests to Wall Directory Watch.
[   11.322059] systemd[1]: Reached target User and Group Name Lookups.
[[0;32m  OK  [0m] Reached target User and Group Name Lookups.
[[0;32m  OK  [0m] Created slice System Slice.
[[0;32m  OK  [0m] Listening on Journal Socket.
[[0;32m  OK  [0m] Listening on /dev/initctl Compatibility Named Pipe.
         Starting Uncomplicated firewall...
[[0;32m  OK  [0m] Listening on Syslog Socket.
[[0;32m  OK  [0m] Listening on Device-mapper event daemon FIFOs.
         Mounting Kernel Debug File System...
[[0;32m  OK  [0m] Listening on Network Service Netlink Socket.
[[0;32m  OK  [0m] Listening on LVM2 metadata daemon socket.
         Starting Monitoring of LVM2 mirrorsâ€¦ng dmeventd or progress polling...
         Mounting POSIX Message Queue File System...
[[0;32m  OK  [0m] Listening on LVM2 poll daemon socket.
         Starting Create list of required stâ€¦ce nodes for the current kernel...
[[0;32m  OK  [0m] Listening on udev Kernel Socket.
[[0;32m  OK  [0m] Reached target Mounted snaps.
[[0;32m  OK  [0m] Created slice system-serial\x2dgetty.slice.
         Mounting Huge Pages File System...
         Starting Load Kernel Modules...
[[0;32m  OK  [0m] Created slice User and Session Slice.
[[0;32m  OK  [0m] Reached target Slices.
[[0;32m  OK  [0m] Set up automount Arbitrary Executabâ€¦rmats File System Automount Point.
[[0;32m  OK  [0m] Listening on fsck to fsckd communication Socket.
         Starting File System Check on Root Device...
[[0;32m  OK  [0m] Listening on Journal Audit Socket.
[[0;32m  OK  [0m] Listening on udev Control Socket.
         Starting udev Coldplug all Devices...
[   11.404779] Loading iSCSI transport class v2.0-870.
         Starting Set the console keyboard layout...
[[0;32m  OK  [0m] Listening on Journal Socket (/dev/log).
         Starting Journal Service...
[[0;32m  OK  [0m] Reached target Swap.
[[0;32m  OK  [0m] [   11.424565] iscsi: registered transport (tcp)
Started Uncomplicated firewall.
[[0;32m  OK  [0m] Mounted Kernel Debug File System.
[[0;32m  OK  [0m] Mounted POSIX Message Queue File System.
[[0;32m  OK  [0m] Started Create list of required staâ€¦vice nodes for the current kernel.
[[0;32m  OK  [0m] Mounted Huge Pages File System.
[[0;32m  OK  [0m] Started File System Check Daemon to report status.
[[0;32m  OK  [0m] Started LVM2 metadata daemon.
         Starting Create Static Device Nodes in /dev...
[[0;32m  OK  [0m] Started udev Coldplug all Devices.
[   11.486218] iscsi: registered transport (iser)
[[0;32m  OK  [0m] Started Load Kernel Modules.
         Starting Apply Kernel Variables...
         Mounting Kernel Configuration File System...
         Mounting FUSE Control File System...
[[0;32m  OK  [0m] Mounted Kernel Configuration File System.
[[0;32m  OK  [0m] Mounted FUSE Control File System.
[[0;32m  OK  [0m] Started Journal Service.
[[0;32m  OK  [0m] Started Create Static Device Nodes in /dev.
[[0;32m  OK  [0m] Started File System Check on Root Device.
         Starting Remount Root and Kernel File Systems...
[[0;32m  OK  [0m] Started Monitoring of LVM2 mirrors,â€¦sing dmeventd or progress polling.
[[0;32m  OK  [0m] Started Remount Root and Kernel File Systems.
         Starting udev Kernel Device Manager...
         Starting Flush Journal to Persistent Storage...
         Starting Load/Save Random Seed...
[[0;32m  OK  [0m] Started Apply Kernel Variables.
[[0;32m  OK  [0m] Started Load/Save Random Seed.
[[0;32m  OK  [0m] Started udev Kernel Device Manager.
[[0;32m  OK  [0m] Started Flush Journal to Persistent Storage.
[[0;32m  OK  [0m] Found device /dev/ttyS0.
[[0;32m  OK  [0m] Listening on Load/Save RF Kill Switch Status /dev/rfkill Watch.
         Mounting Arbitrary Executable File Formats File System...
[[0;32m  OK  [0m] Mounted Arbitrary Executable File Formats File System.
[[0;32m  OK  [0m] Started Set the console keyboard layout.
[[0;32m  OK  [0m] Reached target Local File Systems (Pre).
[[0;32m  OK  [0m] Reached target Local File Systems.
         Starting AppArmor initialization...
         Starting Tell Plymouth To Write Out Runtime Data...
         Starting Create Volatile Files and Directories...
         Starting Set console font and keymap...
         Starting Commit a transient machine-id on disk...
         Starting ebtables ruleset management...
[[0;32m  OK  [0m] Started Dispatch Password Requests to Console Directory Watch.
[[0;32m  OK  [0m] Reached target Local Encrypted Volumes.
[[0;32m  OK  [0m] Started Tell Plymouth To Write Out Runtime Data.
[[0;32m  OK  [0m] Started Create Volatile Files and Directories.
         Starting Update UTMP about System Boot/Shutdown...
[[0;32m  OK  [0m] Started Update UTMP about System Boot/Shutdown.
[[0;32m  OK  [0m] Started Commit a transient machine-id on disk.
[[0;32m  OK  [0m] Started ebtables ruleset management.
[[0;32m  OK  [0m] Started AppArmor initialization.
         Starting Load AppArmor profiles managed internally by snapd...
         Starting Initial cloud-init job (pre-networking)...
[[0;32m  OK  [0m] Started Load AppArmor profiles managed internally by snapd.
[[0;32m  OK  [0m] Started Set console font and keymap.
[   14.513407] cloud-init[800]: Cloud-init v. 23.1.2-0ubuntu0~18.04.1 running 'init-local' at Tue, 12 Nov 2024 18:29:20 +0000. Up 14.25 seconds.
[[0;32m  OK  [0m] Started Initial cloud-init job (pre-networking).
[[0;32m  OK  [0m] Reached target Network (Pre).
         Starting Network Service...
[[0;32m  OK  [0m] Started Network Service.
         Starting Network Name Resolution...
         Starting Wait for Network to be Configured...
[[0;32m  OK  [0m] Started Network Name Resolution.
[[0;32m  OK  [0m] Reached target Network.
[[0;32m  OK  [0m] Reached target Host and Network Name Lookups.
[[0;32m  OK  [0m] Started Wait for Network to be Configured.
         Starting Initial cloud-init job (metadata service crawler)...
[   16.902814] cloud-init[951]: Cloud-init v. 23.1.2-0ubuntu0~18.04.1 running 'init' at Tue, 12 Nov 2024 18:29:22 +0000. Up 16.79 seconds.
[   16.906401] cloud-init[951]: ci-info: ++++++++++++++++++++++++++++++++++++++Net device info+++++++++++++++++++++++++++++++++++++++
[   16.909154] cloud-init[951]: ci-info: +--------+-------+----------------------------+---------------+--------+-------------------+
[   16.911786] cloud-init[951]: ci-info: | Device |   Up  |          Address           |      Mask     | Scope  |     Hw-Address    |
[   16.914456] cloud-init[951]: ci-info: +--------+-------+----------------------------+---------------+--------+-------------------+
[   16.917126] cloud-init[951]: ci-info: | enp0s3 |  True |         10.0.2.15          | 255.255.255.0 | global | 02:3b:7b:b7:3b:2d |
[   16.919817] cloud-init[951]: ci-info: | enp0s3 |  True | fe80::3b:7bff:feb7:3b2d/64 |       .       |  link  | 02:3b:7b:b7:3b:2d |
[   16.922461] cloud-init[951]: ci-info: | enp0s8 | False |             .              |       .       |   .    | 08:00:27:f3:e2:4e |
[   16.925182] cloud-init[951]: ci-info: |   lo   |  True |         127.0.0.1          |   255.0.0.0   |  host  |         .         |
[   16.927824] cloud-init[951]: ci-info: |   lo   |  True |          ::1/128           |       .       |  host  |         .         |
[   16.930486] cloud-init[951]: ci-info: +--------+-------+----------------------------+---------------+--------+-------------------+
[   16.933131] cloud-init[951]: ci-info: ++++++++++++++++++++++++++++Route IPv4 info+++++++++++++++++++++++++++++
[   16.935477] cloud-init[951]: ci-info: +-------+-------------+----------+-----------------+-----------+-------+
[   16.937805] cloud-init[951]: ci-info: | Route | Destination | Gateway  |     Genmask     | Interface | Flags |
[   16.940796] cloud-init[951]: ci-info: +-------+-------------+----------+-----------------+-----------+-------+
[   16.943190] cloud-init[951]: ci-info: |   0   |   0.0.0.0   | 10.0.2.2 |     0.0.0.0     |   enp0s3  |   UG  |
[   16.945657] cloud-init[951]: ci-info: |   1   |   10.0.2.0  | 0.0.0.0  |  255.255.255.0  |   enp0s3  |   U   |
[   16.948088] cloud-init[951]: ci-info: |   2   |   10.0.2.2  | 0.0.0.0  | 255.255.255.255 |   enp0s3  |   UH  |
[   16.951023] cloud-init[951]: ci-info: +-------+-------------+----------+-----------------+-----------+-------+
[   16.953452] cloud-init[951]: ci-info: +++++++++++++++++++Route IPv6 info+++++++++++++++++++
[   16.955378] cloud-init[951]: ci-info: +-------+-------------+---------+-----------+-------+
[   16.957340] cloud-init[951]: ci-info: | Route | Destination | Gateway | Interface | Flags |
[   16.959260] cloud-init[951]: ci-info: +-------+-------------+---------+-----------+-------+
[   16.961209] cloud-init[951]: ci-info: |   1   |  fe80::/64  |    ::   |   enp0s3  |   U   |
[   16.963140] cloud-init[951]: ci-info: |   3   |    local    |    ::   |   enp0s3  |   U   |
[   16.965103] cloud-init[951]: ci-info: |   4   |   ff00::/8  |    ::   |   enp0s3  |   U   |
[   16.967027] cloud-init[951]: ci-info: +-------+-------------+---------+-----------+-------+
[   17.496839] cloud-init[951]: Generating public/private rsa key pair.
[   17.498695] cloud-init[951]: Your identification has been saved in /etc/ssh/ssh_host_rsa_key.
[   17.500726] cloud-init[951]: Your public key has been saved in /etc/ssh/ssh_host_rsa_key.pub.
[   17.502748] cloud-init[951]: The key fingerprint is:
[   17.504099] cloud-init[951]: SHA256:+RVCbbj4tAZk99EtOoOD7TksU4n/eJMTI/Zh53s7szk root@ubuntu-bionic
[   17.506197] cloud-init[951]: The key's randomart image is:
[   17.507516] cloud-init[951]: +---[RSA 2048]----+
[   17.508794] cloud-init[951]: |          .o . . |
[   17.509964] cloud-init[951]: |        o.o + o .|
[   17.511130] cloud-init[951]: |       o *.*.o . |
[   17.512380] cloud-init[951]: |        =.O.=.   |
[   17.513544] cloud-init[951]: |        SO +.o   |
[   17.514710] cloud-init[951]: |        o.%.= .  |
[   17.515874] cloud-init[951]: |         =.B B   |
[   17.517138] cloud-init[951]: |          . B .Eo|
[   17.518302] cloud-init[951]: |           . o.**|
[   17.519473] cloud-init[951]: +----[SHA256]-----+
[   17.520732] cloud-init[951]: Generating public/private dsa key pair.
[   17.522312] cloud-init[951]: Your identification has been saved in /etc/ssh/ssh_host_dsa_key.
[   17.524394] cloud-init[951]: Your public key has been saved in /etc/ssh/ssh_host_dsa_key.pub.
[   17.526397] cloud-init[951]: The key fingerprint is:
[   17.527627] cloud-init[951]: SHA256:hdQAhI0rdnCjM9DbKz0/zD2SOVLUoDnnFCmDZmepQ40 root@ubuntu-bionic
[   17.529797] cloud-init[951]: The key's randomart image is:
[   17.531144] cloud-init[951]: +---[DSA 1024]----+
[   17.532359] cloud-init[951]: | . + *oooo       |
[   17.533522] cloud-init[951]: |. E % =. ..      |
[   17.534687] cloud-init[951]: | = X B +. .      |
[   17.535864] cloud-init[951]: |  X B + ..       |
[   17.537255] cloud-init[951]: | . B B  S        |
[   17.538414] cloud-init[951]: |  . + o          |
[   17.539577] cloud-init[951]: |   . * +         |
[   17.540812] cloud-init[951]: |    . X o        |
[   17.541971] cloud-init[951]: |     . + .       |
[   17.543131] cloud-init[951]: +----[SHA256]-----+
[   17.544355] cloud-init[951]: Generating public/private ecdsa key pair.
[   17.545933] cloud-init[951]: Your identification has been saved in /etc/ssh/ssh_host_ecdsa_key.
[   17.548026] cloud-init[951]: Your public key has been saved in /etc/ssh/ssh_host_ecdsa_key.pub.
[   17.550160] cloud-init[951]: The key fingerprint is:
[   17.551384] cloud-init[951]: SHA256:ejFJSld8lh9QKywhSZcpfjlZm1jc1okTDxQjihtR+os root@ubuntu-bionic
[   17.553505] cloud-init[951]: The key's randomart image is:
[   17.554851] cloud-init[951]: +---[ECDSA 256]---+
[   17.556019] cloud-init[951]: |       o+++=o@=..|
[   17.557257] cloud-init[951]: |        *+=oOoBo.|
[   17.558419] cloud-init[951]: |      .=oo.Oo=oo |
[   17.560283] cloud-init[951]: |     . +=.*.o..  |
[   17.561445] cloud-init[951]: |      ..So .     |
[   17.562638] cloud-init[951]: |       ..o.      |
[   17.563797] cloud-init[951]: |      .E..       |
[   17.565026] cloud-init[951]: |       .         |
[   17.566187] cloud-init[951]: |                 |
[   17.567342] cloud-init[951]: +----[SHA256]-----+
[   17.568578] cloud-init[951]: Generating public/private ed25519 key pair.
[   17.570748] cloud-init[951]: Your identification has been saved in /etc/ssh/ssh_host_ed25519_key.
[   17.572804] cloud-init[951]: Your public key has been saved in /etc/ssh/ssh_host_ed25519_key.pub.
[   17.574842] cloud-init[951]: The key fingerprint is:
[   17.576070] cloud-init[951]: SHA256:tnvplK6msGhtQesbpp5nXFXNXqe8aF+7BcKTkRu8AdY root@ubuntu-bionic
[   17.578145] cloud-init[951]: The key's randomart image is:
[   17.579460] cloud-init[951]: +--[ED25519 256]--+
[   17.580628] cloud-init[951]: |          o+     |
[   17.581773] cloud-init[951]: |         ..oE.. .|
[   17.582907] cloud-init[951]: |         . .*o o |
[   17.584052] cloud-init[951]: |    .   .  ..Bo  |
[   17.585226] cloud-init[951]: |   . . .S   B... |
[   17.586389] cloud-init[951]: |    o .. . .oo...|
[   17.587530] cloud-init[951]: |   ++o  . oo . .o|
[   17.588692] cloud-init[951]: |  .=B+  .+o   ...|
[   17.589866] cloud-init[951]: | o=+o..oo+o    ..|
[   17.590998] cloud-init[951]: +----[SHA256]-----+
[[0;32m  OK  [0m] Started Initial cloud-init job (metadata service crawler).
[[0;32m  OK  [0m] Reached target Network is Online.
         Starting Availability of block devices...
[[0;32m  OK  [0m] Reached target Remote File Systems (Pre).
[[0;32m  OK  [0m] Reached target Remote File Systems.
[[0;32m  OK  [0m] Reached target System Initialization.
         Starting Socket activation for snappy daemon.
[[0;32m  OK  [0m] Started ACPI Events Check.
[[0;32m  OK  [0m] Listening on cloud-init hotplug hook socket.
[[0;32m  OK  [0m] Started Message of the Day.
[[0;32m  OK  [0m] Reached target Paths.
[[0;32m  OK  [0m] Started Daily Cleanup of Temporary Directories.
[[0;32m  OK  [0m] Started Discard unused blocks once a week.
[[0;32m  OK  [0m] Listening on D-Bus System Message Bus Socket.
[[0;32m  OK  [0m] Listening on UUID daemon activation socket.
[[0;32m  OK  [0m] Started Ubuntu Advantage Timer for running repeated jobs.
[[0;32m  OK  [0m] Listening on Open-iSCSI iscsid Socket.
[[0;32m  OK  [0m] Listening on ACPID Listen Socket.
         Starting LXD - unix socket.
[[0;32m  OK  [0m] Started Daily apt download activities.
[[0;32m  OK  [0m] Started Daily apt upgrade and clean activities.
[[0;32m  OK  [0m] Reached target Timers.
[[0;32m  OK  [0m] Reached target Cloud-config availability.
[[0;32m  OK  [0m] Listening on Socket activation for snappy daemon.
[[0;32m  OK  [0m] Listening on LXD - unix socket.
[[0;32m  OK  [0m] Reached target Sockets.
[[0;32m  OK  [0m] Reached target Basic System.
         Starting System Logging Service...
         Starting Login Service...
         Starting LSB: automatic crash report generation...
         Starting Snap Daemon...
         Starting Permit User Sessions...
         Starting Pollinate to seed the pseudo random number generator...
[[0;32m  OK  [0m] Started D-Bus System Message Bus.
[[0;32m  OK  [0m] Started Deferred execution scheduler.
         Starting Virtualbox guest utils...
[[0;32m  OK  [0m] Started Regular background program processing daemon.
[[0;32m  OK  [0m] Started irqbalance daemon.
         Starting Accounts Service...
         Starting Dispatcher daemon for systemd-networkd...
[[0;32m  OK  [0m] Started FUSE filesystem for LXC.
[[0;32m  OK  [0m] Reached target Login Prompts (Pre).
         Starting LXD - container startup/shutdown...
         Starting LSB: Record successful boot for GRUB...
[[0;32m  OK  [0m] Started System Logging Service.
[[0;32m  OK  [0m] Started Availability of block devices.
[[0;32m  OK  [0m] Started Permit User Sessions.
[[0;32m  OK  [0m] Started Login Service.
[[0;32m  OK  [0m] Started Unattended Upgrades Shutdown.
         Starting Terminate Plymouth Boot Screen...
         Starting Hold until boot process finishes up...
[[0;32m  OK  [0m] Started Hold until boot process finishes up.
[[0;32m  OK  [0m] Started Serial Getty on ttyS0.
         Starting Set console scheme...
[[0;32m  OK  [0m] Started Terminate Plymouth Boot Screen.
[[0;32m  OK  [0m] Started Set console scheme.
[[0;32m  OK  [0m] Created slice system-getty.slice.
[[0;32m  OK  [0m] Started Getty on tty1.
[[0;32m  OK  [0m] Reached target Login Prompts.
[[0;32m  OK  [0m] Started LSB: automatic crash report generation.
         Starting Authorization Manager...
[[0;32m  OK  [0m] Started Authorization Manager.
[[0;32m  OK  [0m] Started Accounts Service.
[[0;32m  OK  [0m] Started LSB: Record successful boot for GRUB.
[[0;32m  OK  [0m] Started Virtualbox guest utils.
[[0;32m  OK  [0m] Started LXD - container startup/shutdown.
[[0;32m  OK  [0m] Started Dispatcher daemon for systemd-networkd.
[[0;32m  OK  [0m] Started Snap Daemon.
         Starting Wait until snapd is fully seeded...
         Starting Time & Date Service...
[[0;32m  OK  [0m] Started Time & Date Service.
[[0;32m  OK  [0m] Started Pollinate to seed the pseudo random number generator.
         Starting OpenBSD Secure Shell server...
[[0;32m  OK  [0m] Started OpenBSD Secure Shell server.
[[0;32m  OK  [0m] Created slice User Slice of vagrant.
         Starting User Manager for UID 1000...
[[0;32m  OK  [0m] Started Session 1 of user vagrant.
[[0;32m  OK  [0m] Started User Manager for UID 1000.
[[0;32m  OK  [0m] Started Wait until snapd is fully seeded.
         Starting Apply the settings specified in cloud-config...
         Stopping User Manager for UID 1000...
[[0;32m  OK  [0m] Stopped User Manager for UID 1000.
[[0;32m  OK  [0m] Removed slice User Slice of vagrant.
[[0;32m  OK  [0m] Created slice User Slice of vagrant.
         Starting User Manager for UID 1000...
[[0;32m  OK  [0m] Started Session 3 of user vagrant.
[[0;32m  OK  [0m] Started User Manager for UID 1000.
[   22.024986] cloud-init[1805]: Cloud-init v. 23.1.2-0ubuntu0~18.04.1 running 'modules:config' at Tue, 12 Nov 2024 18:29:27 +0000. Up 21.65 seconds.
[[0;32m  OK  [0m] Started Apply the settings specified in cloud-config.
[[0;32m  OK  [0m] Reached target Multi-User System.
[[0;32m  OK  [0m] Reached target Graphical Interface.
         Starting Update UTMP about System Runlevel Changes...
         Starting Execute cloud user/final scripts...
[[0;32m  OK  [0m] Started Update UTMP about System Runlevel Changes.
ci-info: no authorized SSH keys fingerprints found for user ubuntu.
<14>Nov 12 18:29:28 cloud-init: #############################################################
<14>Nov 12 18:29:28 cloud-init: -----BEGIN SSH HOST KEY FINGERPRINTS-----
<14>Nov 12 18:29:28 cloud-init: 1024 SHA256:hdQAhI0rdnCjM9DbKz0/zD2SOVLUoDnnFCmDZmepQ40 root@ubuntu-bionic (DSA)
<14>Nov 12 18:29:28 cloud-init: 256 SHA256:ejFJSld8lh9QKywhSZcpfjlZm1jc1okTDxQjihtR+os root@ubuntu-bionic (ECDSA)
<14>Nov 12 18:29:28 cloud-init: 256 SHA256:tnvplK6msGhtQesbpp5nXFXNXqe8aF+7BcKTkRu8AdY root@ubuntu-bionic (ED25519)
<14>Nov 12 18:29:28 cloud-init: 2048 SHA256:+RVCbbj4tAZk99EtOoOD7TksU4n/eJMTI/Zh53s7szk root@ubuntu-bionic (RSA)
<14>Nov 12 18:29:28 cloud-init: -----END SSH HOST KEY FINGERPRINTS-----
<14>Nov 12 18:29:28 cloud-init: #############################################################
-----BEGIN SSH HOST KEY KEYS-----
ecdsa-sha2-nistp256 AAAAE2VjZHNhLXNoYTItbmlzdHAyNTYAAAAIbmlzdHAyNTYAAABBBKtFpBEnKxwQe7zUduFuXm7rgNNJLIvLs0/FZxMGvVvD/s7fEyd5Zf4xSP+YfmWrepuzSTjjz5kqC0bgXIr9XF0= root@ubuntu-bionic
ssh-ed25519 AAAAC3NzaC1lZDI1NTE5AAAAINGmKVrmAtBbs1wKS+Ous5yj+LCipq2VbqrfblrDPRCp root@ubuntu-bionic
ssh-rsa AAAAB3NzaC1yc2EAAAADAQABAAABAQCxePDWrUpoltm80S8tpJ+G6dhzVeV1gps3LfjdmVO8WtM0qPgWwDzQFGgqp5xrvEgarSlmaYS5X1N+kp3NsewkCZLjVTVxEkjx44rtQNZZGnVXwQauAyOT5vIyObbocJTAYun41Sz253/o8le5hCsnaRMOGq890kXb2smjpEZMmEzuasvVB/ue75s8LpKRqQUVnqbZhE26P0SJ+SCSwX1qnOYxKByqzPxrcRqLwodaf9mF/L8cz7mqAXQNWjFvH7jwIAV6XCTw973Q/6gk3o7u7q6SwbDlqbleY5hVKiatkSuntBLyJlbtuC+M95QgkSBC62qS80SY4Dl3GTfOX23X root@ubuntu-bionic
-----END SSH HOST KEY KEYS-----
[   22.640124] cloud-init[2011]: Cloud-init v. 23.1.2-0ubuntu0~18.04.1 running 'modules:final' at Tue, 12 Nov 2024 18:29:28 +0000. Up 22.43 seconds.
[   22.644603] cloud-init[2011]: Cloud-init v. 23.1.2-0ubuntu0~18.04.1 finished at Tue, 12 Nov 2024 18:29:28 +0000. Datasource DataSourceNoCloud [seed=/dev/sdb][dsmode=net].  Up 22.63 seconds
         Starting Hostname Service...
[[0;32m  OK  [0m] Started Execute cloud user/final scripts.
[[0;32m  OK  [0m] Reached target Cloud-init target.
[[0;32m  OK  [0m] Started Hostname Service.

Ubuntu 18.04.6 LTS east ttyS0

east login: 